2026-07-31 11:25:57 - bookstore_api - ERROR - Traceback (most recent call last):
  File "D:\Book Store Api\bookstore_api\app\services\auth_service.py", line 22, in register_user
    hashed = get_password_hash(user_data.password)
             ^^^^^^^^^^^^^^^^^^^^^^^^^^^^^^^^^^^^^
  File "D:\Book Store Api\bookstore_api\app\core\security.py", line 21, in get_password_hash
    return pwd_context.hash(password)
           ^^^^^^^^^^^^^^^^^^^^^^^^^^
  File "C:\Users\diksh\miniconda3\envs\bookstore\Lib\site-packages\passlib\context.py", line 2258, in hash
    return record.hash(secret, **kwds)
           ^^^^^^^^^^^^^^^^^^^^^^^^^^^
  File "C:\Users\diksh\miniconda3\envs\bookstore\Lib\site-packages\passlib\utils\handlers.py", line 779, in hash
    self.checksum = self._calc_checksum(secret)
                    ^^^^^^^^^^^^^^^^^^^^^^^^^^^
  File "C:\Users\diksh\miniconda3\envs\bookstore\Lib\site-packages\passlib\handlers\bcrypt.py", line 591, in _calc_checksum
    self._stub_requires_backend()
  File "C:\Users\diksh\miniconda3\envs\bookstore\Lib\site-packages\passlib\utils\handlers.py", line 2254, in _stub_requires_backend
    cls.set_backend()
  File "C:\Users\diksh\miniconda3\envs\bookstore\Lib\site-packages\passlib\utils\handlers.py", line 2156, in set_backend
    return owner.set_backend(name, dryrun=dryrun)
           ^^^^^^^^^^^^^^^^^^^^^^^^^^^^^^^^^^^^^^
  File "C:\Users\diksh\miniconda3\envs\bookstore\Lib\site-packages\passlib\utils\handlers.py", line 2163, in set_backend
    return cls.set_backend(name, dryrun=dryrun)
           ^^^^^^^^^^^^^^^^^^^^^^^^^^^^^^^^^^^^
  File "C:\Users\diksh\miniconda3\envs\bookstore\Lib\site-packages\passlib\utils\handlers.py", line 2188, in set_backend
    cls._set_backend(name, dryrun)
  File "C:\Users\diksh\miniconda3\envs\bookstore\Lib\site-packages\passlib\utils\handlers.py", line 2311, in _set_backend
    super(SubclassBackendMixin, cls)._set_backend(name, dryrun)
  File "C:\Users\diksh\miniconda3\envs\bookstore\Lib\site-packages\passlib\utils\handlers.py", line 2224, in _set_backend
    ok = loader(**kwds)
         ^^^^^^^^^^^^^^
  File "C:\Users\diksh\miniconda3\envs\bookstore\Lib\site-packages\passlib\handlers\bcrypt.py", line 626, in _load_backend_mixin
    return mixin_cls._finalize_backend_mixin(name, dryrun)
           ^^^^^^^^^^^^^^^^^^^^^^^^^^^^^^^^^^^^^^^^^^^^^^^
  File "C:\Users\diksh\miniconda3\envs\bookstore\Lib\site-packages\passlib\handlers\bcrypt.py", line 421, in _finalize_backend_mixin
    if detect_wrap_bug(IDENT_2A):
       ^^^^^^^^^^^^^^^^^^^^^^^^^
  File "C:\Users\diksh\miniconda3\envs\bookstore\Lib\site-packages\passlib\handlers\bcrypt.py", line 380, in detect_wrap_bug
    if verify(secret, bug_hash):
       ^^^^^^^^^^^^^^^^^^^^^^^^
  File "C:\Users\diksh\miniconda3\envs\bookstore\Lib\site-packages\passlib\utils\handlers.py", line 792, in verify
    return consteq(self._calc_checksum(secret), chk)
                   ^^^^^^^^^^^^^^^^^^^^^^^^^^^
  File "C:\Users\diksh\miniconda3\envs\bookstore\Lib\site-packages\passlib\handlers\bcrypt.py", line 655, in _calc_checksum
    hash = _bcrypt.hashpw(secret, config)
           ^^^^^^^^^^^^^^^^^^^^^^^^^^^^^^
ValueError: password cannot be longer than 72 bytes, truncate manually if necessary (e.g. my_password[:72])

2026-07-31 12:03:10 - bookstore_api - ERROR - Traceback (most recent call last):
  File "D:\Book Store Api\bookstore_api\app\services\auth_service.py", line 22, in register_user
    hashed = get_password_hash(user_data.password)
             ^^^^^^^^^^^^^^^^^^^^^^^^^^^^^^^^^^^^^
  File "D:\Book Store Api\bookstore_api\app\core\security.py", line 26, in get_password_hash
    raise e
  File "D:\Book Store Api\bookstore_api\app\core\security.py", line 23, in get_password_hash
    return pwd_context.hash(password)
           ^^^^^^^^^^^^^^^^^^^^^^^^^^
  File "C:\Users\diksh\miniconda3\envs\bookstore\Lib\site-packages\passlib\context.py", line 2258, in hash
    return record.hash(secret, **kwds)
           ^^^^^^^^^^^^^^^^^^^^^^^^^^^
  File "C:\Users\diksh\miniconda3\envs\bookstore\Lib\site-packages\passlib\utils\handlers.py", line 779, in hash
    self.checksum = self._calc_checksum(secret)
                    ^^^^^^^^^^^^^^^^^^^^^^^^^^^
  File "C:\Users\diksh\miniconda3\envs\bookstore\Lib\site-packages\passlib\handlers\bcrypt.py", line 591, in _calc_checksum
    self._stub_requires_backend()
  File "C:\Users\diksh\miniconda3\envs\bookstore\Lib\site-packages\passlib\utils\handlers.py", line 2254, in _stub_requires_backend
    cls.set_backend()
  File "C:\Users\diksh\miniconda3\envs\bookstore\Lib\site-packages\passlib\utils\handlers.py", line 2156, in set_backend
    return owner.set_backend(name, dryrun=dryrun)
           ^^^^^^^^^^^^^^^^^^^^^^^^^^^^^^^^^^^^^^
  File "C:\Users\diksh\miniconda3\envs\bookstore\Lib\site-packages\passlib\utils\handlers.py", line 2163, in set_backend
    return cls.set_backend(name, dryrun=dryrun)
           ^^^^^^^^^^^^^^^^^^^^^^^^^^^^^^^^^^^^
  File "C:\Users\diksh\miniconda3\envs\bookstore\Lib\site-packages\passlib\utils\handlers.py", line 2188, in set_backend
    cls._set_backend(name, dryrun)
  File "C:\Users\diksh\miniconda3\envs\bookstore\Lib\site-packages\passlib\utils\handlers.py", line 2311, in _set_backend
    super(SubclassBackendMixin, cls)._set_backend(name, dryrun)
  File "C:\Users\diksh\miniconda3\envs\bookstore\Lib\site-packages\passlib\utils\handlers.py", line 2224, in _set_backend
    ok = loader(**kwds)
         ^^^^^^^^^^^^^^
  File "C:\Users\diksh\miniconda3\envs\bookstore\Lib\site-packages\passlib\handlers\bcrypt.py", line 626, in _load_backend_mixin
    return mixin_cls._finalize_backend_mixin(name, dryrun)
           ^^^^^^^^^^^^^^^^^^^^^^^^^^^^^^^^^^^^^^^^^^^^^^^
  File "C:\Users\diksh\miniconda3\envs\bookstore\Lib\site-packages\passlib\handlers\bcrypt.py", line 421, in _finalize_backend_mixin
    if detect_wrap_bug(IDENT_2A):
       ^^^^^^^^^^^^^^^^^^^^^^^^^
  File "C:\Users\diksh\miniconda3\envs\bookstore\Lib\site-packages\passlib\handlers\bcrypt.py", line 380, in detect_wrap_bug
    if verify(secret, bug_hash):
       ^^^^^^^^^^^^^^^^^^^^^^^^
  File "C:\Users\diksh\miniconda3\envs\bookstore\Lib\site-packages\passlib\utils\handlers.py", line 792, in verify
    return consteq(self._calc_checksum(secret), chk)
                   ^^^^^^^^^^^^^^^^^^^^^^^^^^^
  File "C:\Users\diksh\miniconda3\envs\bookstore\Lib\site-packages\passlib\handlers\bcrypt.py", line 655, in _calc_checksum
    hash = _bcrypt.hashpw(secret, config)
           ^^^^^^^^^^^^^^^^^^^^^^^^^^^^^^
ValueError: password cannot be longer than 72 bytes, truncate manually if necessary (e.g. my_password[:72])

2026-07-31 12:04:16 - bookstore_api - ERROR - Traceback (most recent call last):
  File "D:\Book Store Api\bookstore_api\app\services\auth_service.py", line 22, in register_user
    hashed = get_password_hash(user_data.password)
             ^^^^^^^^^^^^^^^^^^^^^^^^^^^^^^^^^^^^^
  File "D:\Book Store Api\bookstore_api\app\core\security.py", line 26, in get_password_hash
    raise e
  File "D:\Book Store Api\bookstore_api\app\core\security.py", line 23, in get_password_hash
    return pwd_context.hash(password)
           ^^^^^^^^^^^^^^^^^^^^^^^^^^
  File "C:\Users\diksh\miniconda3\envs\bookstore\Lib\site-packages\passlib\context.py", line 2258, in hash
    return record.hash(secret, **kwds)
           ^^^^^^^^^^^^^^^^^^^^^^^^^^^
  File "C:\Users\diksh\miniconda3\envs\bookstore\Lib\site-packages\passlib\utils\handlers.py", line 779, in hash
    self.checksum = self._calc_checksum(secret)
                    ^^^^^^^^^^^^^^^^^^^^^^^^^^^
  File "C:\Users\diksh\miniconda3\envs\bookstore\Lib\site-packages\passlib\handlers\bcrypt.py", line 591, in _calc_checksum
    self._stub_requires_backend()
  File "C:\Users\diksh\miniconda3\envs\bookstore\Lib\site-packages\passlib\utils\handlers.py", line 2254, in _stub_requires_backend
    cls.set_backend()
  File "C:\Users\diksh\miniconda3\envs\bookstore\Lib\site-packages\passlib\utils\handlers.py", line 2156, in set_backend
    return owner.set_backend(name, dryrun=dryrun)
           ^^^^^^^^^^^^^^^^^^^^^^^^^^^^^^^^^^^^^^
  File "C:\Users\diksh\miniconda3\envs\bookstore\Lib\site-packages\passlib\utils\handlers.py", line 2163, in set_backend
    return cls.set_backend(name, dryrun=dryrun)
           ^^^^^^^^^^^^^^^^^^^^^^^^^^^^^^^^^^^^
  File "C:\Users\diksh\miniconda3\envs\bookstore\Lib\site-packages\passlib\utils\handlers.py", line 2188, in set_backend
    cls._set_backend(name, dryrun)
  File "C:\Users\diksh\miniconda3\envs\bookstore\Lib\site-packages\passlib\utils\handlers.py", line 2311, in _set_backend
    super(SubclassBackendMixin, cls)._set_backend(name, dryrun)
  File "C:\Users\diksh\miniconda3\envs\bookstore\Lib\site-packages\passlib\utils\handlers.py", line 2224, in _set_backend
    ok = loader(**kwds)
         ^^^^^^^^^^^^^^
  File "C:\Users\diksh\miniconda3\envs\bookstore\Lib\site-packages\passlib\handlers\bcrypt.py", line 626, in _load_backend_mixin
    return mixin_cls._finalize_backend_mixin(name, dryrun)
           ^^^^^^^^^^^^^^^^^^^^^^^^^^^^^^^^^^^^^^^^^^^^^^^
  File "C:\Users\diksh\miniconda3\envs\bookstore\Lib\site-packages\passlib\handlers\bcrypt.py", line 421, in _finalize_backend_mixin
    if detect_wrap_bug(IDENT_2A):
       ^^^^^^^^^^^^^^^^^^^^^^^^^
  File "C:\Users\diksh\miniconda3\envs\bookstore\Lib\site-packages\passlib\handlers\bcrypt.py", line 380, in detect_wrap_bug
    if verify(secret, bug_hash):
       ^^^^^^^^^^^^^^^^^^^^^^^^
  File "C:\Users\diksh\miniconda3\envs\bookstore\Lib\site-packages\passlib\utils\handlers.py", line 792, in verify
    return consteq(self._calc_checksum(secret), chk)
                   ^^^^^^^^^^^^^^^^^^^^^^^^^^^
  File "C:\Users\diksh\miniconda3\envs\bookstore\Lib\site-packages\passlib\handlers\bcrypt.py", line 655, in _calc_checksum
    hash = _bcrypt.hashpw(secret, config)
           ^^^^^^^^^^^^^^^^^^^^^^^^^^^^^^
ValueError: password cannot be longer than 72 bytes, truncate manually if necessary (e.g. my_password[:72])

2026-07-31 12:05:57 - bookstore_api - INFO - Registering user: user@example.com
2026-07-31 12:05:58 - bookstore_api - ERROR - ERROR in register_user: password cannot be longer than 72 bytes, truncate manually if necessary (e.g. my_password[:72])
2026-07-31 12:05:58 - bookstore_api - ERROR - ERROR TYPE: ValueError
2026-07-31 12:05:58 - bookstore_api - ERROR - Traceback (most recent call last):
  File "D:\Book Store Api\bookstore_api\app\services\auth_service.py", line 22, in register_user
    hashed = get_password_hash(user_data.password)
             ^^^^^^^^^^^^^^^^^^^^^^^^^^^^^^^^^^^^^
  File "D:\Book Store Api\bookstore_api\app\core\security.py", line 26, in get_password_hash
    raise e
  File "D:\Book Store Api\bookstore_api\app\core\security.py", line 23, in get_password_hash
    return pwd_context.hash(password)
           ^^^^^^^^^^^^^^^^^^^^^^^^^^
  File "C:\Users\diksh\miniconda3\envs\bookstore\Lib\site-packages\passlib\context.py", line 2258, in hash
    return record.hash(secret, **kwds)
           ^^^^^^^^^^^^^^^^^^^^^^^^^^^
  File "C:\Users\diksh\miniconda3\envs\bookstore\Lib\site-packages\passlib\utils\handlers.py", line 779, in hash
    self.checksum = self._calc_checksum(secret)
                    ^^^^^^^^^^^^^^^^^^^^^^^^^^^
  File "C:\Users\diksh\miniconda3\envs\bookstore\Lib\site-packages\passlib\handlers\bcrypt.py", line 591, in _calc_checksum
    self._stub_requires_backend()
  File "C:\Users\diksh\miniconda3\envs\bookstore\Lib\site-packages\passlib\utils\handlers.py", line 2254, in _stub_requires_backend
    cls.set_backend()
  File "C:\Users\diksh\miniconda3\envs\bookstore\Lib\site-packages\passlib\utils\handlers.py", line 2156, in set_backend
    return owner.set_backend(name, dryrun=dryrun)
           ^^^^^^^^^^^^^^^^^^^^^^^^^^^^^^^^^^^^^^
  File "C:\Users\diksh\miniconda3\envs\bookstore\Lib\site-packages\passlib\utils\handlers.py", line 2163, in set_backend
    return cls.set_backend(name, dryrun=dryrun)
           ^^^^^^^^^^^^^^^^^^^^^^^^^^^^^^^^^^^^
  File "C:\Users\diksh\miniconda3\envs\bookstore\Lib\site-packages\passlib\utils\handlers.py", line 2188, in set_backend
    cls._set_backend(name, dryrun)
  File "C:\Users\diksh\miniconda3\envs\bookstore\Lib\site-packages\passlib\utils\handlers.py", line 2311, in _set_backend
    super(SubclassBackendMixin, cls)._set_backend(name, dryrun)
  File "C:\Users\diksh\miniconda3\envs\bookstore\Lib\site-packages\passlib\utils\handlers.py", line 2224, in _set_backend
    ok = loader(**kwds)
         ^^^^^^^^^^^^^^
  File "C:\Users\diksh\miniconda3\envs\bookstore\Lib\site-packages\passlib\handlers\bcrypt.py", line 626, in _load_backend_mixin
    return mixin_cls._finalize_backend_mixin(name, dryrun)
           ^^^^^^^^^^^^^^^^^^^^^^^^^^^^^^^^^^^^^^^^^^^^^^^
  File "C:\Users\diksh\miniconda3\envs\bookstore\Lib\site-packages\passlib\handlers\bcrypt.py", line 421, in _finalize_backend_mixin
    if detect_wrap_bug(IDENT_2A):
       ^^^^^^^^^^^^^^^^^^^^^^^^^
  File "C:\Users\diksh\miniconda3\envs\bookstore\Lib\site-packages\passlib\handlers\bcrypt.py", line 380, in detect_wrap_bug
    if verify(secret, bug_hash):
       ^^^^^^^^^^^^^^^^^^^^^^^^
  File "C:\Users\diksh\miniconda3\envs\bookstore\Lib\site-packages\passlib\utils\handlers.py", line 792, in verify
    return consteq(self._calc_checksum(secret), chk)
                   ^^^^^^^^^^^^^^^^^^^^^^^^^^^
  File "C:\Users\diksh\miniconda3\envs\bookstore\Lib\site-packages\passlib\handlers\bcrypt.py", line 655, in _calc_checksum
    hash = _bcrypt.hashpw(secret, config)
           ^^^^^^^^^^^^^^^^^^^^^^^^^^^^^^
ValueError: password cannot be longer than 72 bytes, truncate manually if necessary (e.g. my_password[:72])

2026-07-31 12:11:20 - bookstore_api - INFO - Registering user: sajan@example.com
2026-07-31 12:11:20 - bookstore_api - ERROR - ERROR in register_user: [Errno 11001] getaddrinfo failed
2026-07-31 12:11:20 - bookstore_api - ERROR - ERROR TYPE: ConnectError
2026-07-31 12:11:20 - bookstore_api - ERROR - Traceback (most recent call last):
  File "C:\Users\diksh\miniconda3\envs\bookstore\Lib\site-packages\httpx\_transports\default.py", line 101, in map_httpcore_exceptions
    yield
  File "C:\Users\diksh\miniconda3\envs\bookstore\Lib\site-packages\httpx\_transports\default.py", line 250, in handle_request
    resp = self._pool.handle_request(req)
           ^^^^^^^^^^^^^^^^^^^^^^^^^^^^^^
  File "C:\Users\diksh\miniconda3\envs\bookstore\Lib\site-packages\httpcore\_sync\connection_pool.py", line 256, in handle_request
    raise exc from None
  File "C:\Users\diksh\miniconda3\envs\bookstore\Lib\site-packages\httpcore\_sync\connection_pool.py", line 236, in handle_request
    response = connection.handle_request(
               ^^^^^^^^^^^^^^^^^^^^^^^^^^
  File "C:\Users\diksh\miniconda3\envs\bookstore\Lib\site-packages\httpcore\_sync\connection.py", line 101, in handle_request
    raise exc
  File "C:\Users\diksh\miniconda3\envs\bookstore\Lib\site-packages\httpcore\_sync\connection.py", line 78, in handle_request
    stream = self._connect(request)
             ^^^^^^^^^^^^^^^^^^^^^^
  File "C:\Users\diksh\miniconda3\envs\bookstore\Lib\site-packages\httpcore\_sync\connection.py", line 124, in _connect
    stream = self._network_backend.connect_tcp(**kwargs)
             ^^^^^^^^^^^^^^^^^^^^^^^^^^^^^^^^^^^^^^^^^^^
  File "C:\Users\diksh\miniconda3\envs\bookstore\Lib\site-packages\httpcore\_backends\sync.py", line 207, in connect_tcp
    with map_exceptions(exc_map):
  File "C:\Users\diksh\miniconda3\envs\bookstore\Lib\contextlib.py", line 158, in __exit__
    self.gen.throw(typ, value, traceback)
  File "C:\Users\diksh\miniconda3\envs\bookstore\Lib\site-packages\httpcore\_exceptions.py", line 14, in map_exceptions
    raise to_exc(exc) from exc
httpcore.ConnectError: [Errno 11001] getaddrinfo failed

The above exception was the direct cause of the following exception:

Traceback (most recent call last):
  File "D:\Book Store Api\bookstore_api\app\services\auth_service.py", line 15, in register_user
    existing = supabase.table("users").select("*").eq("email", user_data.email).execute()
               ^^^^^^^^^^^^^^^^^^^^^^^^^^^^^^^^^^^^^^^^^^^^^^^^^^^^^^^^^^^^^^^^^^^^^^^^^^
  File "C:\Users\diksh\miniconda3\envs\bookstore\Lib\site-packages\postgrest\_sync\request_builder.py", line 90, in execute
    r = send_with_retry(self.request)
        ^^^^^^^^^^^^^^^^^^^^^^^^^^^^^
  File "C:\Users\diksh\miniconda3\envs\bookstore\Lib\site-packages\postgrest\_sync\request_builder.py", line 51, in send_with_retry
    resp = req.send(headers)
           ^^^^^^^^^^^^^^^^^
  File "C:\Users\diksh\miniconda3\envs\bookstore\Lib\site-packages\postgrest\base_request_builder.py", line 90, in send
    return self.session.request(
           ^^^^^^^^^^^^^^^^^^^^^
  File "C:\Users\diksh\miniconda3\envs\bookstore\Lib\site-packages\httpx\_client.py", line 825, in request
    return self.send(request, auth=auth, follow_redirects=follow_redirects)
           ^^^^^^^^^^^^^^^^^^^^^^^^^^^^^^^^^^^^^^^^^^^^^^^^^^^^^^^^^^^^^^^^
  File "C:\Users\diksh\miniconda3\envs\bookstore\Lib\site-packages\httpx\_client.py", line 914, in send
    response = self._send_handling_auth(
               ^^^^^^^^^^^^^^^^^^^^^^^^^
  File "C:\Users\diksh\miniconda3\envs\bookstore\Lib\site-packages\httpx\_client.py", line 942, in _send_handling_auth
    response = self._send_handling_redirects(
               ^^^^^^^^^^^^^^^^^^^^^^^^^^^^^^
  File "C:\Users\diksh\miniconda3\envs\bookstore\Lib\site-packages\httpx\_client.py", line 979, in _send_handling_redirects
    response = self._send_single_request(request)
               ^^^^^^^^^^^^^^^^^^^^^^^^^^^^^^^^^^
  File "C:\Users\diksh\miniconda3\envs\bookstore\Lib\site-packages\httpx\_client.py", line 1014, in _send_single_request
    response = transport.handle_request(request)
               ^^^^^^^^^^^^^^^^^^^^^^^^^^^^^^^^^
  File "C:\Users\diksh\miniconda3\envs\bookstore\Lib\site-packages\httpx\_transports\default.py", line 249, in handle_request
    with map_httpcore_exceptions():
  File "C:\Users\diksh\miniconda3\envs\bookstore\Lib\contextlib.py", line 158, in __exit__
    self.gen.throw(typ, value, traceback)
  File "C:\Users\diksh\miniconda3\envs\bookstore\Lib\site-packages\httpx\_transports\default.py", line 118, in map_httpcore_exceptions
    raise mapped_exc(message) from exc
httpx.ConnectError: [Errno 11001] getaddrinfo failed

2026-07-31 12:13:29 - bookstore_api - INFO - Registering user: sajan@example.com
2026-07-31 12:13:31 - bookstore_api - DEBUG - Inserting user: sajan@example.com
2026-07-31 12:13:31 - bookstore_api - INFO - User registered: sajan@example.com
2026-07-31 12:13:31 - bookstore_api - INFO - Login attempt: sajan@example.com
2026-07-31 12:13:31 - bookstore_api - INFO - User logged in: sajan@example.com
2026-07-31 12:15:08 - bookstore_api - INFO - Registering user: sajan@example.com
2026-07-31 12:15:11 - bookstore_api - WARNING - User already exists: sajan@example.com
2026-07-31 12:15:11 - bookstore_api - ERROR - ERROR in register_user: 409: Email already exists
2026-07-31 12:15:11 - bookstore_api - ERROR - ERROR TYPE: ConflictException
2026-07-31 12:15:11 - bookstore_api - ERROR - Traceback (most recent call last):
  File "D:\Book Store Api\bookstore_api\app\services\auth_service.py", line 19, in register_user
    raise ConflictException("Email already exists")
app.core.exceptions.ConflictException: 409: Email already exists

2026-07-31 12:15:36 - bookstore_api - INFO - Registering user: shaurya@example.com
2026-07-31 12:15:37 - bookstore_api - DEBUG - Inserting user: shaurya@example.com
2026-07-31 12:15:37 - bookstore_api - INFO - User registered: shaurya@example.com
2026-07-31 12:15:37 - bookstore_api - INFO - Login attempt: shaurya@example.com
2026-07-31 12:15:38 - bookstore_api - INFO - User logged in: shaurya@example.com
2026-07-31 12:18:14 - bookstore_api - INFO - Registering user: shauryvrata@example.com
2026-07-31 12:18:43 - bookstore_api - ERROR - ERROR in register_user: [SSL: UNEXPECTED_EOF_WHILE_READING] EOF occurred in violation of protocol (_ssl.c:1016)
2026-07-31 12:18:43 - bookstore_api - ERROR - ERROR TYPE: ConnectError
2026-07-31 12:18:43 - bookstore_api - ERROR - Traceback (most recent call last):
  File "C:\Users\diksh\miniconda3\envs\bookstore\Lib\site-packages\httpx\_transports\default.py", line 101, in map_httpcore_exceptions
    yield
  File "C:\Users\diksh\miniconda3\envs\bookstore\Lib\site-packages\httpx\_transports\default.py", line 250, in handle_request
    resp = self._pool.handle_request(req)
           ^^^^^^^^^^^^^^^^^^^^^^^^^^^^^^
  File "C:\Users\diksh\miniconda3\envs\bookstore\Lib\site-packages\httpcore\_sync\connection_pool.py", line 256, in handle_request
    raise exc from None
  File "C:\Users\diksh\miniconda3\envs\bookstore\Lib\site-packages\httpcore\_sync\connection_pool.py", line 236, in handle_request
    response = connection.handle_request(
               ^^^^^^^^^^^^^^^^^^^^^^^^^^
  File "C:\Users\diksh\miniconda3\envs\bookstore\Lib\site-packages\httpcore\_sync\connection.py", line 101, in handle_request
    raise exc
  File "C:\Users\diksh\miniconda3\envs\bookstore\Lib\site-packages\httpcore\_sync\connection.py", line 78, in handle_request
    stream = self._connect(request)
             ^^^^^^^^^^^^^^^^^^^^^^
  File "C:\Users\diksh\miniconda3\envs\bookstore\Lib\site-packages\httpcore\_sync\connection.py", line 156, in _connect
    stream = stream.start_tls(**kwargs)
             ^^^^^^^^^^^^^^^^^^^^^^^^^^
  File "C:\Users\diksh\miniconda3\envs\bookstore\Lib\site-packages\httpcore\_backends\sync.py", line 154, in start_tls
    with map_exceptions(exc_map):
  File "C:\Users\diksh\miniconda3\envs\bookstore\Lib\contextlib.py", line 158, in __exit__
    self.gen.throw(typ, value, traceback)
  File "C:\Users\diksh\miniconda3\envs\bookstore\Lib\site-packages\httpcore\_exceptions.py", line 14, in map_exceptions
    raise to_exc(exc) from exc
httpcore.ConnectError: [SSL: UNEXPECTED_EOF_WHILE_READING] EOF occurred in violation of protocol (_ssl.c:1016)

The above exception was the direct cause of the following exception:

Traceback (most recent call last):
  File "D:\Book Store Api\bookstore_api\app\services\auth_service.py", line 15, in register_user
    existing = supabase.table("users").select("*").eq("email", user_data.email).execute()
               ^^^^^^^^^^^^^^^^^^^^^^^^^^^^^^^^^^^^^^^^^^^^^^^^^^^^^^^^^^^^^^^^^^^^^^^^^^
  File "C:\Users\diksh\miniconda3\envs\bookstore\Lib\site-packages\postgrest\_sync\request_builder.py", line 90, in execute
    r = send_with_retry(self.request)
        ^^^^^^^^^^^^^^^^^^^^^^^^^^^^^
  File "C:\Users\diksh\miniconda3\envs\bookstore\Lib\site-packages\postgrest\_sync\request_builder.py", line 51, in send_with_retry
    resp = req.send(headers)
           ^^^^^^^^^^^^^^^^^
  File "C:\Users\diksh\miniconda3\envs\bookstore\Lib\site-packages\postgrest\base_request_builder.py", line 90, in send
    return self.session.request(
           ^^^^^^^^^^^^^^^^^^^^^
  File "C:\Users\diksh\miniconda3\envs\bookstore\Lib\site-packages\httpx\_client.py", line 825, in request
    return self.send(request, auth=auth, follow_redirects=follow_redirects)
           ^^^^^^^^^^^^^^^^^^^^^^^^^^^^^^^^^^^^^^^^^^^^^^^^^^^^^^^^^^^^^^^^
  File "C:\Users\diksh\miniconda3\envs\bookstore\Lib\site-packages\httpx\_client.py", line 914, in send
    response = self._send_handling_auth(
               ^^^^^^^^^^^^^^^^^^^^^^^^^
  File "C:\Users\diksh\miniconda3\envs\bookstore\Lib\site-packages\httpx\_client.py", line 942, in _send_handling_auth
    response = self._send_handling_redirects(
               ^^^^^^^^^^^^^^^^^^^^^^^^^^^^^^
  File "C:\Users\diksh\miniconda3\envs\bookstore\Lib\site-packages\httpx\_client.py", line 979, in _send_handling_redirects
    response = self._send_single_request(request)
               ^^^^^^^^^^^^^^^^^^^^^^^^^^^^^^^^^^
  File "C:\Users\diksh\miniconda3\envs\bookstore\Lib\site-packages\httpx\_client.py", line 1014, in _send_single_request
    response = transport.handle_request(request)
               ^^^^^^^^^^^^^^^^^^^^^^^^^^^^^^^^^
  File "C:\Users\diksh\miniconda3\envs\bookstore\Lib\site-packages\httpx\_transports\default.py", line 249, in handle_request
    with map_httpcore_exceptions():
  File "C:\Users\diksh\miniconda3\envs\bookstore\Lib\contextlib.py", line 158, in __exit__
    self.gen.throw(typ, value, traceback)
  File "C:\Users\diksh\miniconda3\envs\bookstore\Lib\site-packages\httpx\_transports\default.py", line 118, in map_httpcore_exceptions
    raise mapped_exc(message) from exc
httpx.ConnectError: [SSL: UNEXPECTED_EOF_WHILE_READING] EOF occurred in violation of protocol (_ssl.c:1016)

2026-07-31 12:27:00 - bookstore_api - INFO - Registering user: shauryvrata@example.com
2026-07-31 12:27:04 - bookstore_api - DEBUG - Inserting user: shauryvrata@example.com
2026-07-31 12:27:04 - bookstore_api - INFO - User registered: shauryvrata@example.com
2026-07-31 12:27:04 - bookstore_api - INFO - Login attempt: shauryvrata@example.com
2026-07-31 12:27:05 - bookstore_api - INFO - User logged in: shauryvrata@example.com
2026-07-31 12:28:26 - bookstore_api - INFO - Login attempt: shauryavrata@example.com
2026-07-31 12:28:26 - bookstore_api - WARNING - User not found: shauryavrata@example.com
2026-07-31 12:28:26 - bookstore_api - ERROR - ERROR in login_user: 401: Invalid credentials
2026-07-31 12:28:26 - bookstore_api - ERROR - ERROR TYPE: UnauthorizedException
2026-07-31 12:28:26 - bookstore_api - ERROR - Traceback (most recent call last):
  File "D:\Book Store Api\bookstore_api\app\services\auth_service.py", line 53, in login_user
    raise UnauthorizedException("Invalid credentials")
app.core.exceptions.UnauthorizedException: 401: Invalid credentials

2026-07-31 12:28:49 - bookstore_api - INFO - Login attempt: shauryvrata@example.com
2026-07-31 12:28:50 - bookstore_api - INFO - User logged in: shauryvrata@example.com
2026-07-31 12:38:42 - bookstore_api - INFO - Login attempt: shauryvrata@example.com
2026-07-31 12:38:43 - bookstore_api - INFO - User logged in: shauryvrata@example.com
2026-07-31 14:51:56 - bookstore_api - INFO - Login attempt: shauryvrata@example.com
2026-07-31 14:51:58 - bookstore_api - INFO - User logged in: shauryvrata@example.com
2026-08-03 13:00:32 - bookstore_api - INFO - Registering user: user@example.com
2026-08-03 13:00:34 - bookstore_api - DEBUG - Inserting user: user@example.com
2026-08-03 13:00:35 - bookstore_api - INFO - User registered: user@example.com
2026-08-03 13:00:35 - bookstore_api - INFO - Login attempt: user@example.com
2026-08-03 13:00:35 - bookstore_api - INFO - User logged in: user@example.com
